
> react-kavia@0.1.0 start
> cross-env EDIT_MODE=true webpack serve --config .ve/webpack.config.js --mode development

<i> [webpack-dev-server] Project is running at:
<i> [webpack-dev-server] Loopback: http://localhost:3000/, http://[::1]:3000/
<i> [webpack-dev-server] On Your Network (IPv4): http://172.17.0.2:3000/
<i> [webpack-dev-server] Content not from webpack is served from './public' directory
Injecting EditorRootWrapper import: ../.ve/EditorRootWrapper
asset bundle.js 1.76 MiB [emitted] (name: main)
asset index.html 1.98 KiB [emitted]
runtime modules 28.7 KiB 15 modules
modules by path ./node_modules/ 1.54 MiB 34 modules
modules by path ./src/ 35.9 KiB
  modules by path ./src/*.js 28.2 KiB 5 modules
  modules by path ./src/*.css 7.77 KiB
    ./src/index.css 2.23 KiB [built] [code generated]
    + 3 modules
modules by path ./.ve/ 15.1 KiB
  modules by path ./.ve/*.js 10.6 KiB 2 modules
  modules by path ./.ve/*.css 2.93 KiB
    ./.ve/EditorOverlay.css 2.25 KiB [built] [code generated]
    ./node_modules/css-loader/dist/cjs.js!./.ve/EditorOverlay.css 697 bytes [built] [code generated]
  ./.ve/EditorOverlay.jsx 1.58 KiB [built] [code generated]
webpack 5.99.9 compiled successfully in 1375 ms
assets by status 1.98 KiB [cached] 1 asset
assets by path *.js 1.81 MiB
  asset bundle.js 1.77 MiB [emitted] (name: main)
  asset main.d84627a2e528bdcda00b.hot-update.js 38.6 KiB [emitted] [immutable] [hmr] (name: main)
asset main.d84627a2e528bdcda00b.hot-update.json 28 bytes [emitted] [immutable] [hmr]
Entrypoint main 1.81 MiB = bundle.js 1.77 MiB main.d84627a2e528bdcda00b.hot-update.js 38.6 KiB
cached modules 1.59 MiB [cached] 47 modules
runtime modules 28.7 KiB 15 modules
javascript modules 8.58 KiB
  modules by path ./src/*.css 5.37 KiB
    ./src/SignInPage.css 2.24 KiB [built] [code generated]
    ./node_modules/css-loader/dist/cjs.js!./src/SignInPage.css 3.12 KiB [built] [code generated]
  ./src/SignInPage.js 2.63 KiB [built] [code generated]
  ./node_modules/css-loader/dist/runtime/getUrl.js 597 bytes [built] [code generated]

ERROR in ./src/SignInPage.css (./node_modules/css-loader/dist/cjs.js!./src/SignInPage.css) 5:36-85
Module not found: Error: Can't resolve '/assets/signin-bg.jpg' in '/home/kavia/workspace/code-generation/skillstart-hub-64322-71bb5682/skillstart_hub/src'
resolve '/assets/signin-bg.jpg' in '/home/kavia/workspace/code-generation/skillstart-hub-64322-71bb5682/skillstart_hub/src'
  using description file: /home/kavia/workspace/code-generation/skillstart-hub-64322-71bb5682/skillstart_hub/package.json (relative path: ./src)
    No description file found in /assets or above
    no extension
      /assets/signin-bg.jpg doesn't exist
    .js
      /assets/signin-bg.jpg.js doesn't exist
    .jsx
      /assets/signin-bg.jpg.jsx doesn't exist
    as directory
      /assets/signin-bg.jpg doesn't exist
    root path /home/kavia/workspace/code-generation/skillstart-hub-64322-71bb5682/skillstart_hub
      using description file: /home/kavia/workspace/code-generation/skillstart-hub-64322-71bb5682/skillstart_hub/package.json (relative path: ./assets/signin-bg.jpg)
        no extension
          /home/kavia/workspace/code-generation/skillstart-hub-64322-71bb5682/skillstart_hub/assets/signin-bg.jpg doesn't exist
        .js
          /home/kavia/workspace/code-generation/skillstart-hub-64322-71bb5682/skillstart_hub/assets/signin-bg.jpg.js doesn't exist
        .jsx
          /home/kavia/workspace/code-generation/skillstart-hub-64322-71bb5682/skillstart_hub/assets/signin-bg.jpg.jsx doesn't exist
        as directory
          /home/kavia/workspace/code-generation/skillstart-hub-64322-71bb5682/skillstart_hub/assets/signin-bg.jpg doesn't exist
 @ ./src/SignInPage.css 8:6-104 20:17-24 24:7-21 50:25-39 51:36-47 51:50-64 55:6-65:7 56:54-65 56:68-82 62:42-53 62:56-70 64:21-28 75:0-74 75:0-74 76:22-29 76:33-47 76:50-64 53:4-66:5
 @ ./src/SignInPage.js 3:0-26
 @ ./src/App.js 7:0-38 85:39-49
 @ ./src/index.js 5:0-24 11:32-35

webpack 5.99.9 compiled with 1 error in 132 ms
assets by status 1.98 KiB [cached] 1 asset
assets by path *.js 1.8 MiB
  asset bundle.js 1.77 MiB [emitted] (name: main)
  asset main.ce1afcdb7f169135848b.hot-update.js 24.8 KiB [emitted] [immutable] [hmr] (name: main)
asset main.ce1afcdb7f169135848b.hot-update.json 78 bytes [emitted] [immutable] [hmr]
Entrypoint main 1.8 MiB = bundle.js 1.77 MiB main.ce1afcdb7f169135848b.hot-update.js 24.8 KiB
cached modules 1.59 MiB [cached] 49 modules
runtime modules 28.7 KiB 15 modules
./node_modules/css-loader/dist/cjs.js!./src/SignInPage.css 2.97 KiB [built] [code generated]
webpack 5.99.9 compiled successfully in 42 ms
